nohup: ignoring input
/home/home/lucas/bin/miniconda3/envs/brainles/lib/python3.10/site-packages/brainles_preprocessing/registration/__init__.py:16: UserWarning: itk-elastix package not found. If you want to use it, please install it using 'pip install brainles_preprocessing[itk-elastix]'
  warnings.warn(
/home/home/lucas/bin/miniconda3/envs/brainles/lib/python3.10/site-packages/brainles_preprocessing/registration/__init__.py:23: UserWarning: picsl_greedy  package not found. If you want to use it, please install it using 'pip install brainles_preprocessing[picsl_greedy]'
  warnings.warn(
2026-08-06 10:46:02.557 | INFO     | __main__:<module>:144 - Loaded 27 patients from /mnt/Drive4/lucas/SAILOR/sailor.json.
2026-08-06 10:46:02.557 | INFO     | predict_gbm.preprocessing.norm_ss_coregistration:norm_ss_coregister:204 - Starting normalization, skull strippping, co-registration step. Starting brainles preprocessing.
2026-08-06 10:46:02.557 | INFO     | predict_gbm.preprocessing.norm_ss_coregistration:norm_ss_coregister:207 - skull_strip: True
────────────────── Thank you for using brainles-preprocessing ──────────────────
                    Please support our development by citing                    
      https://github.com/BrainLesion/preprocessing#citation -- Thank you!       
────────────────────────────────────────────────────────────────────────────────

2026-08-06 10:46:03.018 | INFO     | brainles_preprocessing.preprocessor.preprocessor:_add_log_file_handler:63 - Logging console logs and further debug information to: /mnt/Drive4/lucas/SAILOR/processed/sub-01/ses-01/skull_stripped/brainles.log
2026-08-06 10:46:03.018 | INFO     | brainles_preprocessing.preprocessor.atlas_centric_preprocessor:run:104 - ============================ Starting preprocessing ============================
2026-08-06 10:46:03.018 | INFO     | brainles_preprocessing.preprocessor.atlas_centric_preprocessor:run:108 - Received center modality: t1c and moving modalities: t1, t2, flair, adc
2026-08-06 10:46:03.018 | INFO     | brainles_preprocessing.preprocessor.atlas_centric_preprocessor:run:114 - --------------------------- Starting Coregistration ----------------------------
2026-08-06 10:46:03.019 | INFO     | brainles_preprocessing.preprocessor.preprocessor:run_coregistration:204 - Coregistering 4 moving modalities to center modality...
2026-08-06 10:46:03.019 | INFO     | brainles_preprocessing.preprocessor.preprocessor:run_coregistration:209 - Registering modality t1 (file=co__t1c__t1) to center modality...
2026-08-06 10:46:06.144 | INFO     | brainles_preprocessing.preprocessor.preprocessor:run_coregistration:209 - Registering modality t2 (file=co__t1c__t2) to center modality...
2026-08-06 10:46:10.310 | INFO     | brainles_preprocessing.preprocessor.preprocessor:run_coregistration:209 - Registering modality flair (file=co__t1c__flair) to center modality...
2026-08-06 10:46:13.344 | INFO     | brainles_preprocessing.preprocessor.preprocessor:run_coregistration:209 - Registering modality adc (file=co__t1c__adc) to center modality...
2026-08-06 10:46:15.563 | INFO     | brainles_preprocessing.preprocessor.atlas_centric_preprocessor:run:118 - Coregistration complete. Output saved to None
2026-08-06 10:46:15.563 | INFO     | brainles_preprocessing.preprocessor.atlas_centric_preprocessor:run:123 - ------------------------- Starting atlas registration --------------------------
2026-08-06 10:46:15.564 | INFO     | brainles_preprocessing.preprocessor.atlas_centric_preprocessor:run_atlas_registration:210 - Registering center modality to atlas...
2026-08-06 10:46:20.066 | INFO     | brainles_preprocessing.preprocessor.atlas_centric_preprocessor:run_atlas_registration:219 - Atlas registration complete. Output saved to /mnt/Drive2/lucas/tmp/tmpf_evw7tg/atlas-space
2026-08-06 10:46:20.066 | INFO     | brainles_preprocessing.preprocessor.atlas_centric_preprocessor:run_atlas_registration:222 - Transforming 4 moving modalities to atlas space...
2026-08-06 10:46:20.066 | INFO     | brainles_preprocessing.preprocessor.atlas_centric_preprocessor:run_atlas_registration:227 - Transforming modality t1 (file=atlas__t1) to atlas space...
2026-08-06 10:46:20.460 | INFO     | brainles_preprocessing.preprocessor.atlas_centric_preprocessor:run_atlas_registration:227 - Transforming modality t2 (file=atlas__t2) to atlas space...
2026-08-06 10:46:21.257 | INFO     | brainles_preprocessing.preprocessor.atlas_centric_preprocessor:run_atlas_registration:227 - Transforming modality flair (file=atlas__flair) to atlas space...
2026-08-06 10:46:22.048 | INFO     | brainles_preprocessing.preprocessor.atlas_centric_preprocessor:run_atlas_registration:227 - Transforming modality adc (file=atlas__adc) to atlas space...
2026-08-06 10:46:22.389 | INFO     | brainles_preprocessing.preprocessor.atlas_centric_preprocessor:run:127 - Transformations complete. Output saved to None
2026-08-06 10:46:22.389 | INFO     | brainles_preprocessing.preprocessor.atlas_centric_preprocessor:run:132 - ---------------------- Checking optional atlas correction ----------------------
2026-08-06 10:46:22.390 | INFO     | brainles_preprocessing.preprocessor.atlas_centric_preprocessor:run_atlas_correction:257 - Applying optional atlas correction for modality t1
2026-08-06 10:46:26.408 | INFO     | brainles_preprocessing.preprocessor.atlas_centric_preprocessor:run_atlas_correction:257 - Applying optional atlas correction for modality t2
2026-08-06 10:46:30.879 | INFO     | brainles_preprocessing.preprocessor.atlas_centric_preprocessor:run_atlas_correction:257 - Applying optional atlas correction for modality flair
2026-08-06 10:46:35.465 | INFO     | brainles_preprocessing.preprocessor.atlas_centric_preprocessor:run_atlas_correction:257 - Applying optional atlas correction for modality adc
2026-08-06 10:46:39.370 | INFO     | brainles_preprocessing.preprocessor.atlas_centric_preprocessor:run:138 - --------------------- Checking optional N4 bias correction ---------------------
2026-08-06 10:46:39.370 | INFO     | brainles_preprocessing.preprocessor.preprocessor:run_n4_bias_correction:270 - Skipping optional N4 bias correction for Modality t1c.
2026-08-06 10:46:39.370 | INFO     | brainles_preprocessing.preprocessor.preprocessor:run_n4_bias_correction:270 - Skipping optional N4 bias correction for Modality t1.
2026-08-06 10:46:39.370 | INFO     | brainles_preprocessing.preprocessor.preprocessor:run_n4_bias_correction:270 - Skipping optional N4 bias correction for Modality t2.
2026-08-06 10:46:39.370 | INFO     | brainles_preprocessing.preprocessor.preprocessor:run_n4_bias_correction:270 - Skipping optional N4 bias correction for Modality flair.
2026-08-06 10:46:39.370 | INFO     | brainles_preprocessing.preprocessor.preprocessor:run_n4_bias_correction:270 - Skipping optional N4 bias correction for Modality adc.
2026-08-06 10:46:39.370 | INFO     | brainles_preprocessing.preprocessor.atlas_centric_preprocessor:run:144 - Saving non skull-stripped images...
2026-08-06 10:46:39.370 | INFO     | brainles_preprocessing.preprocessor.atlas_centric_preprocessor:run:158 - ---------------------- Checking optional brain extraction ----------------------
2026-08-06 10:46:39.370 | INFO     | brainles_preprocessing.preprocessor.preprocessor:run_brain_extraction:302 - Starting brain extraction...
2026-08-06 10:46:39.370 | INFO     | brainles_preprocessing.preprocessor.preprocessor:run_brain_extraction:310 - Extracting brain region for center modality...
2026-08-06 10:46:40.099 | INFO     | brainles_preprocessing.utils.zenodo:fetch:87 - Found local SynthStrip: 16535633_v1.0.0
2026-08-06 10:46:40.100 | INFO     | brainles_preprocessing.utils.zenodo:fetch:98 - Latest SynthStrip (1.0.0) already present.
2026-08-06 10:46:57.752 | INFO     | brainles_preprocessing.preprocessor.preprocessor:run_brain_extraction:326 - Applying brain mask to t1...
2026-08-06 10:46:57.987 | INFO     | brainles_preprocessing.preprocessor.preprocessor:run_brain_extraction:326 - Applying brain mask to t2...
2026-08-06 10:46:58.339 | INFO     | brainles_preprocessing.preprocessor.preprocessor:run_brain_extraction:326 - Applying brain mask to flair...
2026-08-06 10:46:58.660 | INFO     | brainles_preprocessing.preprocessor.preprocessor:run_brain_extraction:326 - Applying brain mask to adc...
2026-08-06 10:46:58.944 | INFO     | brainles_preprocessing.preprocessor.preprocessor:run_brain_extraction:339 - Saving brain extracted (bet), i.e. skull-stripped images...
2026-08-06 10:47:00.555 | INFO     | brainles_preprocessing.preprocessor.atlas_centric_preprocessor:run:164 - -------------------------- Checking optional defacing --------------------------
2026-08-06 10:47:00.555 | INFO     | brainles_preprocessing.preprocessor.atlas_centric_preprocessor:run_defacing:304 - Skipping optional defacing.
2026-08-06 10:47:00.555 | INFO     | brainles_preprocessing.preprocessor.atlas_centric_preprocessor:run:174 - Saving transformation matrices to /mnt/Drive4/lucas/SAILOR/processed/sub-01/ses-01/skull_stripped
2026-08-06 10:47:00.556 | INFO     | brainles_preprocessing.preprocessor.atlas_centric_preprocessor:run:194 - ============================ Preprocessing complete ============================
2026-08-06 10:47:00.556 | INFO     | predict_gbm.preprocessing.norm_ss_coregistration:norm_ss_coregister:268 - Finished normalization, skull stripping, co-registration step in 58.00 seconds. Output saved to /mnt/Drive4/lucas/SAILOR/processed/sub-01/ses-01.
2026-08-06 10:47:00.557 | INFO     | predict_gbm.preprocessing.tumor_segmentation:run_brats:84 - Starting tumor segmentation via BRATS.
2026-08-06 10:47:00.568 | INFO     | brats.core.brats_algorithm:__init__:46 - Instantiated AdultGliomaPreAndPostTreatmentSegmenter with algorithm: BraTS25_1 by Ishika Jain, et al.
2026-08-06 10:47:00.571 | INFO     | brats.utils.data_handling:add_log_file_handler:43 - Logging console logs and further debug information to: /mnt/Drive2/lucas/tmp/brats_okuvxrdx.log
2026-08-06 10:47:00.571 | INFO     | brats.core.brats_algorithm:_infer_single:187 - Performing single inference
2026-08-06 10:47:00.581 | WARNING  | brats.utils.data_handling:input_sanity_check:134 - Input images do not have the default shape (240, 240, 155). This might cause issues with some algorithms and could lead to errors.
2026-08-06 10:47:00.581 | WARNING  | brats.utils.data_handling:input_sanity_check:137 - Image shapes: {'t1n': (182, 218, 182), 't1c': (182, 218, 182), 't2f': (182, 218, 182), 't2w': (182, 218, 182)}
2026-08-06 10:47:00.581 | WARNING  | brats.utils.data_handling:input_sanity_check:138 - If your data is not preprocessed yet, consider using our preprocessing package: https://github.com/BrainLesion/preprocessing
────────────────────────────── Citation Reminder ───────────────────────────────
Please support our development by citing the relevant manuscripts for the used 
algorithm:

                               BraTS Package | https://arxiv.org/abs/2506.13807 
---------------------------------------------+----------------------------------
 Challenge (Adult Glioma Segmentation (Pre & | https://arxiv.org/abs/2405.18368 
                       Post Treatment) 2025) |                                  
---------------------------------------------+----------------------------------
             Algorithm (Ishika Jain, et al.) | N/A                              
────────────────────────────────────────────────────────────────────────────────
2026-08-06 10:47:00.584 | INFO     | brats.core.docker:_log_algorithm_info:379 - Running algorithm:  BraTS 2025 Adult Glioma Segmentation (Pre & Post Treatment) [1st place]
2026-08-06 10:47:01.022 | INFO     | brats.core.docker:run_container:424 - Starting inference
2026-08-06 10:51:34.160 | INFO     | brats.core.docker:run_container:478 - Finished inference in 273.14 seconds
2026-08-06 10:51:34.161 | INFO     | brats.core.brats_algorithm:_infer_single:214 - Saved output to: /mnt/Drive4/lucas/SAILOR/processed/sub-01/ses-01/tumor_segmentation/tumor_seg.nii.gz
2026-08-06 10:51:34.709 | INFO     | predict_gbm.preprocessing.tumor_segmentation:run_brats:102 - Finished tumor segmentation in 274.15 seconds. Saved output to /mnt/Drive4/lucas/SAILOR/processed/sub-01/ses-01/tumor_segmentation/tumor_seg.nii.gz.
2026-08-06 10:51:34.709 | INFO     | predict_gbm.preprocessing.tissue_segmentation:run_tissue_seg_registration:103 - Starting tissue segmentation.
2026-08-06 10:53:26.794 | INFO     | predict_gbm.preprocessing.tissue_segmentation:run_tissue_seg_registration:148 - Generating pbmaps...
2026-08-06 10:53:30.432 | INFO     | predict_gbm.preprocessing.tissue_segmentation:run_tissue_seg_registration:179 - Finished tissue segmentation in 115.72 seconds. Results saved to /mnt/Drive4/lucas/SAILOR/processed/sub-01/ses-01.
2026-08-06 10:53:30.450 | INFO     | predict_gbm.preprocessing.norm_ss_coregistration:norm_ss_coregister:204 - Starting normalization, skull strippping, co-registration step. Starting brainles preprocessing.
2026-08-06 10:53:30.450 | INFO     | predict_gbm.preprocessing.norm_ss_coregistration:norm_ss_coregister:207 - skull_strip: True
────────────────── Thank you for using brainles-preprocessing ──────────────────
                    Please support our development by citing                    
      https://github.com/BrainLesion/preprocessing#citation -- Thank you!       
────────────────────────────────────────────────────────────────────────────────

2026-08-06 10:53:30.887 | INFO     | brainles_preprocessing.preprocessor.preprocessor:_add_log_file_handler:63 - Logging console logs and further debug information to: /mnt/Drive4/lucas/SAILOR/processed/sub-01/ses-02/skull_stripped/brainles.log
2026-08-06 10:53:30.887 | INFO     | brainles_preprocessing.preprocessor.atlas_centric_preprocessor:run:104 - ============================ Starting preprocessing ============================
2026-08-06 10:53:30.887 | INFO     | brainles_preprocessing.preprocessor.atlas_centric_preprocessor:run:108 - Received center modality: t1c and moving modalities: t1, t2, flair, adc
2026-08-06 10:53:30.888 | INFO     | brainles_preprocessing.preprocessor.atlas_centric_preprocessor:run:114 - --------------------------- Starting Coregistration ----------------------------
2026-08-06 10:53:30.888 | INFO     | brainles_preprocessing.preprocessor.preprocessor:run_coregistration:204 - Coregistering 4 moving modalities to center modality...
2026-08-06 10:53:30.888 | INFO     | brainles_preprocessing.preprocessor.preprocessor:run_coregistration:209 - Registering modality t1 (file=co__t1c__t1) to center modality...
2026-08-06 10:53:34.924 | INFO     | brainles_preprocessing.preprocessor.preprocessor:run_coregistration:209 - Registering modality t2 (file=co__t1c__t2) to center modality...
2026-08-06 10:53:39.116 | INFO     | brainles_preprocessing.preprocessor.preprocessor:run_coregistration:209 - Registering modality flair (file=co__t1c__flair) to center modality...
2026-08-06 10:53:42.535 | INFO     | brainles_preprocessing.preprocessor.preprocessor:run_coregistration:209 - Registering modality adc (file=co__t1c__adc) to center modality...
2026-08-06 10:53:45.562 | INFO     | brainles_preprocessing.preprocessor.atlas_centric_preprocessor:run:118 - Coregistration complete. Output saved to None
2026-08-06 10:53:45.562 | INFO     | brainles_preprocessing.preprocessor.atlas_centric_preprocessor:run:123 - ------------------------- Starting atlas registration --------------------------
2026-08-06 10:53:45.563 | INFO     | brainles_preprocessing.preprocessor.atlas_centric_preprocessor:run_atlas_registration:210 - Registering center modality to atlas...
2026-08-06 10:53:49.172 | INFO     | brainles_preprocessing.preprocessor.atlas_centric_preprocessor:run_atlas_registration:219 - Atlas registration complete. Output saved to /mnt/Drive2/lucas/tmp/tmp1499lghp/atlas-space
2026-08-06 10:53:49.172 | INFO     | brainles_preprocessing.preprocessor.atlas_centric_preprocessor:run_atlas_registration:222 - Transforming 4 moving modalities to atlas space...
2026-08-06 10:53:49.172 | INFO     | brainles_preprocessing.preprocessor.atlas_centric_preprocessor:run_atlas_registration:227 - Transforming modality t1 (file=atlas__t1) to atlas space...
2026-08-06 10:53:50.079 | INFO     | brainles_preprocessing.preprocessor.atlas_centric_preprocessor:run_atlas_registration:227 - Transforming modality t2 (file=atlas__t2) to atlas space...
2026-08-06 10:53:50.970 | INFO     | brainles_preprocessing.preprocessor.atlas_centric_preprocessor:run_atlas_registration:227 - Transforming modality flair (file=atlas__flair) to atlas space...
2026-08-06 10:53:51.605 | INFO     | brainles_preprocessing.preprocessor.atlas_centric_preprocessor:run_atlas_registration:227 - Transforming modality adc (file=atlas__adc) to atlas space...
2026-08-06 10:53:51.908 | INFO     | brainles_preprocessing.preprocessor.atlas_centric_preprocessor:run:127 - Transformations complete. Output saved to None
2026-08-06 10:53:51.909 | INFO     | brainles_preprocessing.preprocessor.atlas_centric_preprocessor:run:132 - ---------------------- Checking optional atlas correction ----------------------
2026-08-06 10:53:51.909 | INFO     | brainles_preprocessing.preprocessor.atlas_centric_preprocessor:run_atlas_correction:257 - Applying optional atlas correction for modality t1
2026-08-06 10:53:56.386 | INFO     | brainles_preprocessing.preprocessor.atlas_centric_preprocessor:run_atlas_correction:257 - Applying optional atlas correction for modality t2
2026-08-06 10:54:00.970 | INFO     | brainles_preprocessing.preprocessor.atlas_centric_preprocessor:run_atlas_correction:257 - Applying optional atlas correction for modality flair
2026-08-06 10:54:05.190 | INFO     | brainles_preprocessing.preprocessor.atlas_centric_preprocessor:run_atlas_correction:257 - Applying optional atlas correction for modality adc
2026-08-06 10:54:09.398 | INFO     | brainles_preprocessing.preprocessor.atlas_centric_preprocessor:run:138 - --------------------- Checking optional N4 bias correction ---------------------
2026-08-06 10:54:09.400 | INFO     | brainles_preprocessing.preprocessor.preprocessor:run_n4_bias_correction:270 - Skipping optional N4 bias correction for Modality t1c.
2026-08-06 10:54:09.400 | INFO     | brainles_preprocessing.preprocessor.preprocessor:run_n4_bias_correction:270 - Skipping optional N4 bias correction for Modality t1.
2026-08-06 10:54:09.400 | INFO     | brainles_preprocessing.preprocessor.preprocessor:run_n4_bias_correction:270 - Skipping optional N4 bias correction for Modality t2.
2026-08-06 10:54:09.400 | INFO     | brainles_preprocessing.preprocessor.preprocessor:run_n4_bias_correction:270 - Skipping optional N4 bias correction for Modality flair.
2026-08-06 10:54:09.400 | INFO     | brainles_preprocessing.preprocessor.preprocessor:run_n4_bias_correction:270 - Skipping optional N4 bias correction for Modality adc.
2026-08-06 10:54:09.400 | INFO     | brainles_preprocessing.preprocessor.atlas_centric_preprocessor:run:144 - Saving non skull-stripped images...
2026-08-06 10:54:09.400 | INFO     | brainles_preprocessing.preprocessor.atlas_centric_preprocessor:run:158 - ---------------------- Checking optional brain extraction ----------------------
2026-08-06 10:54:09.400 | INFO     | brainles_preprocessing.preprocessor.preprocessor:run_brain_extraction:302 - Starting brain extraction...
2026-08-06 10:54:09.400 | INFO     | brainles_preprocessing.preprocessor.preprocessor:run_brain_extraction:310 - Extracting brain region for center modality...
2026-08-06 10:54:09.662 | INFO     | brainles_preprocessing.utils.zenodo:fetch:87 - Found local SynthStrip: 16535633_v1.0.0
2026-08-06 10:54:09.663 | INFO     | brainles_preprocessing.utils.zenodo:fetch:98 - Latest SynthStrip (1.0.0) already present.
2026-08-06 10:54:21.606 | INFO     | brainles_preprocessing.preprocessor.preprocessor:run_brain_extraction:326 - Applying brain mask to t1...
2026-08-06 10:54:21.980 | INFO     | brainles_preprocessing.preprocessor.preprocessor:run_brain_extraction:326 - Applying brain mask to t2...
2026-08-06 10:54:22.336 | INFO     | brainles_preprocessing.preprocessor.preprocessor:run_brain_extraction:326 - Applying brain mask to flair...
2026-08-06 10:54:22.585 | INFO     | brainles_preprocessing.preprocessor.preprocessor:run_brain_extraction:326 - Applying brain mask to adc...
2026-08-06 10:54:22.809 | INFO     | brainles_preprocessing.preprocessor.preprocessor:run_brain_extraction:339 - Saving brain extracted (bet), i.e. skull-stripped images...
2026-08-06 10:54:24.416 | INFO     | brainles_preprocessing.preprocessor.atlas_centric_preprocessor:run:164 - -------------------------- Checking optional defacing --------------------------
2026-08-06 10:54:24.416 | INFO     | brainles_preprocessing.preprocessor.atlas_centric_preprocessor:run_defacing:304 - Skipping optional defacing.
2026-08-06 10:54:24.416 | INFO     | brainles_preprocessing.preprocessor.atlas_centric_preprocessor:run:174 - Saving transformation matrices to /mnt/Drive4/lucas/SAILOR/processed/sub-01/ses-02/skull_stripped
2026-08-06 10:54:24.418 | INFO     | brainles_preprocessing.preprocessor.atlas_centric_preprocessor:run:194 - ============================ Preprocessing complete ============================
2026-08-06 10:54:24.418 | INFO     | predict_gbm.preprocessing.norm_ss_coregistration:norm_ss_coregister:268 - Finished normalization, skull stripping, co-registration step in 53.97 seconds. Output saved to /mnt/Drive4/lucas/SAILOR/processed/sub-01/ses-02.
2026-08-06 10:54:24.418 | INFO     | predict_gbm.preprocessing.tumor_segmentation:run_brats:84 - Starting tumor segmentation via BRATS.
2026-08-06 10:54:24.429 | INFO     | brats.core.brats_algorithm:__init__:46 - Instantiated AdultGliomaPreAndPostTreatmentSegmenter with algorithm: BraTS25_1 by Ishika Jain, et al.
2026-08-06 10:54:24.432 | INFO     | brats.utils.data_handling:add_log_file_handler:43 - Logging console logs and further debug information to: /mnt/Drive2/lucas/tmp/brats_ocpgettv.log
2026-08-06 10:54:24.432 | INFO     | brats.core.brats_algorithm:_infer_single:187 - Performing single inference
2026-08-06 10:54:24.443 | WARNING  | brats.utils.data_handling:input_sanity_check:134 - Input images do not have the default shape (240, 240, 155). This might cause issues with some algorithms and could lead to errors.
2026-08-06 10:54:24.443 | WARNING  | brats.utils.data_handling:input_sanity_check:137 - Image shapes: {'t1n': (182, 218, 182), 't1c': (182, 218, 182), 't2f': (182, 218, 182), 't2w': (182, 218, 182)}
2026-08-06 10:54:24.443 | WARNING  | brats.utils.data_handling:input_sanity_check:138 - If your data is not preprocessed yet, consider using our preprocessing package: https://github.com/BrainLesion/preprocessing
────────────────────────────── Citation Reminder ───────────────────────────────
Please support our development by citing the relevant manuscripts for the used 
algorithm:

                               BraTS Package | https://arxiv.org/abs/2506.13807 
---------------------------------------------+----------------------------------
 Challenge (Adult Glioma Segmentation (Pre & | https://arxiv.org/abs/2405.18368 
                       Post Treatment) 2025) |                                  
---------------------------------------------+----------------------------------
             Algorithm (Ishika Jain, et al.) | N/A                              
────────────────────────────────────────────────────────────────────────────────
2026-08-06 10:54:24.446 | INFO     | brats.core.docker:_log_algorithm_info:379 - Running algorithm:  BraTS 2025 Adult Glioma Segmentation (Pre & Post Treatment) [1st place]
2026-08-06 10:54:24.889 | INFO     | brats.core.docker:run_container:424 - Starting inference
2026-08-06 10:58:55.817 | INFO     | brats.core.docker:run_container:478 - Finished inference in 270.93 seconds
2026-08-06 10:58:55.818 | INFO     | brats.core.brats_algorithm:_infer_single:214 - Saved output to: /mnt/Drive4/lucas/SAILOR/processed/sub-01/ses-02/tumor_segmentation/tumor_seg.nii.gz
2026-08-06 10:58:56.371 | INFO     | predict_gbm.preprocessing.tumor_segmentation:run_brats:102 - Finished tumor segmentation in 271.95 seconds. Saved output to /mnt/Drive4/lucas/SAILOR/processed/sub-01/ses-02/tumor_segmentation/tumor_seg.nii.gz.
2026-08-06 10:58:56.371 | INFO     | predict_gbm.preprocessing.tissue_segmentation:run_tissue_seg_registration:103 - Starting tissue segmentation.
2026-08-06 11:00:42.394 | INFO     | predict_gbm.preprocessing.tissue_segmentation:run_tissue_seg_registration:148 - Generating pbmaps...
2026-08-06 11:00:46.020 | INFO     | predict_gbm.preprocessing.tissue_segmentation:run_tissue_seg_registration:179 - Finished tissue segmentation in 109.65 seconds. Results saved to /mnt/Drive4/lucas/SAILOR/processed/sub-01/ses-02.
2026-08-06 11:00:46.046 | INFO     | predict_gbm.preprocessing.norm_ss_coregistration:norm_ss_coregister:204 - Starting normalization, skull strippping, co-registration step. Starting brainles preprocessing.
2026-08-06 11:00:46.046 | INFO     | predict_gbm.preprocessing.norm_ss_coregistration:norm_ss_coregister:207 - skull_strip: True
────────────────── Thank you for using brainles-preprocessing ──────────────────
                    Please support our development by citing                    
      https://github.com/BrainLesion/preprocessing#citation -- Thank you!       
────────────────────────────────────────────────────────────────────────────────

2026-08-06 11:00:46.469 | INFO     | brainles_preprocessing.preprocessor.preprocessor:_add_log_file_handler:63 - Logging console logs and further debug information to: /mnt/Drive4/lucas/SAILOR/processed/sub-01/ses-03/skull_stripped/brainles.log
2026-08-06 11:00:46.470 | INFO     | brainles_preprocessing.preprocessor.atlas_centric_preprocessor:run:104 - ============================ Starting preprocessing ============================
2026-08-06 11:00:46.470 | INFO     | brainles_preprocessing.preprocessor.atlas_centric_preprocessor:run:108 - Received center modality: t1c and moving modalities: t1, t2, flair, adc
2026-08-06 11:00:46.470 | INFO     | brainles_preprocessing.preprocessor.atlas_centric_preprocessor:run:114 - --------------------------- Starting Coregistration ----------------------------
2026-08-06 11:00:46.470 | INFO     | brainles_preprocessing.preprocessor.preprocessor:run_coregistration:204 - Coregistering 4 moving modalities to center modality...
2026-08-06 11:00:46.470 | INFO     | brainles_preprocessing.preprocessor.preprocessor:run_coregistration:209 - Registering modality t1 (file=co__t1c__t1) to center modality...
2026-08-06 11:00:53.050 | INFO     | brainles_preprocessing.preprocessor.preprocessor:run_coregistration:209 - Registering modality t2 (file=co__t1c__t2) to center modality...
2026-08-06 11:00:59.611 | INFO     | brainles_preprocessing.preprocessor.preprocessor:run_coregistration:209 - Registering modality flair (file=co__t1c__flair) to center modality...
